Last login: Tue Jan 25 08:24:59 on console

The default interactive shell is now zsh.
To update your account to use zsh, please run `chsh -s /bin/zsh`.
For more details, please visit https://support.apple.com/kb/HT208050.
MLC02C611RMD6R:~ colinccm$ ssh ColinCCM@codetalker.moffitt.org
Password: 
Warning: Your password will expire in 4 days on Sat Jan 29 09:45:32 2022
Last login: Tue Nov 23 10:19:19 2021 from 10.6.239.43
********************************************************
*                                                      *
* Welcome to Moffitt HPC: colossus.moffitt.org         *
*                                                      *
* This system is for the use of authorized users only. *
* Usage of this system is monitored and recorded.      *
*                                                      *
* Total CPUs: 1236				       *
* Total Computes: 82                                   *
* Total Memory: 10TB                                   *
*                                                      *
* Kernel info: 2.6.32-754.15.3.el6.x86_64	       *
*                                                      *
* Cluster info -->  https://mediawiki.moffitt.org      *
*                                                      *
********************************************************



[ColinCCM@codetalker ~]$ cd /share/lab_gillis
[ColinCCM@codetalker lab_gillis]$  ls CHIP_pipeline/gnomad
3-24-21.pptx
AA_1to3.script
AA_code_table.txt
age_related_tag.txt
all_genes_barplot.pdf
bar_plot_variant_carrier.R
CHIP_age_vepEffect_Nancy_list_hetNone0.txt
CHIP_age_vepEffect_Nancy_list.txt
CHIP_age_vepEffect.txt
CHIP_age_vep_Nancy_list.txt
CHIP_age_vep.txt
gnomad.exomes.r2.1.1.CHIPsites.grch38.het.txt
gnomad.exomes.r2.1.1.CHIPsites.grch38.hom.txt
gnomad.exomes.r2.1.1.CHIPsites.grch38.vcf
gnomad.exomes.r2.1.1.CHIPsites.vcf
gnomad.exomes.r2.1.1.sites.liftover_grch38_age_hist_het_sum.txt
gnomad.exomes.r2.1.1.sites.liftover_grch38_age_hist_hom_sum.txt
gnomad.exomes.r2.1.1.sites.liftover_grch38.vcf.bgz.tbi
gnomad.exomes.r2.1.1.sites.liftover_grch38.vcf.gz
gnomad.exomes.r2.1.1.sites.vcf.bgz
gnomad.exomes.r2.1.1.sites.vcf.bgz.tbi
history.txt
IGVDistribution_2.0.1.zip
Nancy_list-2.txt
popular_genes_barplot.pdf
sed.script
tmp-2.txt
tmp_sed.scrpt
tmp.txt
[ColinCCM@codetalker lab_gillis]$ cd Christelle/gnomAD_raw_data
[ColinCCM@codetalker gnomAD_raw_data]$ ls
bigger_example_variant_data.txt
data_dict.txt
dnmt3a_data.vcf
dnmt3a_data.vcf.gz
example_variant_data.txt
gnomad.exomes.r2.1.1.sites.liftover_grch38.vcf.gz
gnomad_variant_data.gz
thousand_row_gnomad.vcf.gz
thousands_first_rows.txt
[ColinCCM@codetalker gnomAD_raw_data]$ zgrep "DNMT3A|TET2|ASXL1|PPM1D|TP53" gnomad_variant_data.gz | gzip -c > five_chgenes_data.vcf.gz
[ColinCCM@codetalker gnomAD_raw_data]$ cd Christelle/cosmic_raw_data
-bash: cd: Christelle/cosmic_raw_data: No such file or directory
[ColinCCM@codetalker gnomAD_raw_data]$ ls
bigger_example_variant_data.txt
data_dict.txt
dnmt3a_data.vcf
dnmt3a_data.vcf.gz
example_variant_data.txt
five_chgenes_data.vcf.gz
gnomad.exomes.r2.1.1.sites.liftover_grch38.vcf.gz
gnomad_variant_data.gz
thousand_row_gnomad.vcf.gz
thousands_first_rows.txt
[ColinCCM@codetalker gnomAD_raw_data]$ cd /share/lab_gillis/Christelle/cosmic_raw_data
[ColinCCM@codetalker cosmic_raw_data]$ ls
classification.csv  CosmicMutantExport.tsv.gz  hg38_cosmic70.txt
[ColinCCM@codetalker cosmic_raw_data]$ zcat CosmicMutantExport.tsv.gz | head -n 1000 > cosmic_head1000_data.txt
[ColinCCM@codetalker cosmic_raw_data]$ 
